# Slow numeric conversions in compiled Lean, by module and function.
# Written by `GMP_HOTPATHS_BLESS=1 cargo run --example lean_gmp_hotpaths`;
# see that example for what each pattern costs and how to remove it.
2	l_Float_ofScientific(	BackendEntry.c	lp_verified_BackendEntry_dispatch
1	lean_float_of_nat(	BackendEntry.c	lp_verified_BackendEntry_dispatch
6	l_Float_ofScientific(	DayEntry.c	lp_verified___private_DayEntry_0__Day_parseEnv___lam__N
1	lean_cstr_to_nat(	DayEntry/Host.c	lp_verified_DayEntry_Host_takeTimingsImpl___lam__N
1	l_Float_ofScientific(	Verified/Eval/Feasibility.c	lp_verified___private_Init_Data_Range_Basic_0__Std_Legacy_Range_forIn_x27_loop___at___00Verified_Eval_Feasibility_checkVehiclePedestrianRuns_spec__N___redArg
1	l_Float_ofScientific(	Verified/Eval/Feasibility.c	lp_verified___private_Init_Data_Range_Basic_0__Std_Legacy_Range_forIn_x27_loop___at___00Verified_Eval_Feasibility_worstVehiclePacedRun_spec__N___redArg
4	lean_float_of_nat(	Verified/Eval/WalkMetrics.c	lp_verified_Verified_Eval_WalkMetrics_fixCoverage
1	lean_float_of_nat(	Verified/Eval/WalkMetrics.c	lp_verified_Verified_Eval_WalkMetrics_maxCorridorStall
1	lean_float_of_nat(	Verified/Eval/WalkMetrics.c	lp_verified_Verified_Eval_WalkMetrics_offWalkableQuantile
1	l_Float_ofScientific(	Verified/Eval/WalkMetrics.c	lp_verified_Verified_Eval_WalkMetrics_scoreWalk
2	lean_float_of_nat(	Verified/Eval/WalkMetrics.c	lp_verified_Verified_Eval_WalkMetrics_scoreWalk
1	l_Float_ofScientific(	Verified/Eval/WalkMetrics.c	lp_verified___private_Init_Data_Range_Basic_0__Std_Legacy_Range_forIn_x27_loop___at___00Verified_Eval_WalkMetrics_buildingCrossingM_spec__N___redArg
2	lean_float_of_nat(	Verified/Eval/WalkMetrics.c	lp_verified___private_Init_Data_Range_Basic_0__Std_Legacy_Range_forIn_x27_loop___at___00Verified_Eval_WalkMetrics_buildingCrossingM_spec__N___redArg
2	l_Float_ofScientific(	Verified/Eval/WalkMetrics.c	lp_verified___private_Init_Data_Range_Basic_0__Std_Legacy_Range_forIn_x27_loop___at___00Verified_Eval_WalkMetrics_maxCorridorStall_spec__N___redArg
1	l_Float_ofScientific(	Verified/Eval/WalkMetrics.c	lp_verified___private_Init_Data_Range_Basic_0__Std_Legacy_Range_forIn_x27_loop___at___00Verified_Eval_WalkMetrics_offPathBuildingCrossingM_spec__N___redArg
2	lean_float_of_nat(	Verified/Eval/WalkMetrics.c	lp_verified___private_Init_Data_Range_Basic_0__Std_Legacy_Range_forIn_x27_loop___at___00Verified_Eval_WalkMetrics_offPathBuildingCrossingM_spec__N___redArg
2	lean_float_of_nat(	Verified/Eval/WalkMetrics.c	lp_verified___private_Init_Data_Range_Basic_0__Std_Legacy_Range_forIn_x27_loop___at___00Verified_Eval_WalkMetrics_offWalkableQuantile_spec__N___redArg
2	lean_float_of_nat(	Verified/Eval/WalkMetrics.c	lp_verified___private_Init_Data_Range_Basic_0__Std_Legacy_Range_forIn_x27_loop___at___00Verified_Eval_WalkMetrics_onNamedWayFraction_spec__N___redArg
1	lean_float_of_nat(	Verified/FloatConst.c	lp_verified_Verified_FloatConst_natToFloat
1	lean_float_of_nat(	Verified/Geo/BiometricCoherence.c	lp_verified_Verified_Geo_BiometricCoherence_biometricCoherence
1	lean_float_of_nat(	Verified/Geo/BiometricLabels.c	lp_verified___private_Verified_Geo_BiometricLabels_0__Verified_Geo_BiometricLabels_looksLikeStay
1	lean_float_of_nat(	Verified/Geo/BiometricWindows.c	lp_verified_Verified_Geo_BiometricWindows_enrichSegmentWithBiometrics
1	lean_float_of_nat(	Verified/Geo/BiometricWindows.c	lp_verified_Verified_Geo_BiometricWindows_gapLooksStationary
1	lean_float_of_nat(	Verified/Geo/BiometricWindows.c	lp_verified_Verified_Geo_BiometricWindows_meanHrInWindow
1	lean_float_of_nat(	Verified/Geo/BridgeStays.c	lp_verified___private_Verified_Geo_BridgeStays_0__Verified_Geo_BridgeStays_gapLooksStationary
1	lean_float_of_nat(	Verified/Geo/BridgeStays.c	lp_verified___private_Verified_Geo_BridgeStays_0__Verified_Geo_BridgeStays_meanOf
1	lean_float_of_nat(	Verified/Geo/Bus.c	lp_verified_Array_mapFinIdxM_map___at___00Verified_Geo_Bus_annotateBusRoutes_spec__N___redArg
2	lean_float_of_nat(	Verified/Geo/Bus.c	lp_verified_Verified_Geo_Bus_traceCoverage
2	l_Float_ofScientific(	Verified/Geo/Bus.c	lp_verified___private_Init_Data_Range_Basic_0__Std_Legacy_Range_forIn_x27_loop___at___00__private_Verified_Geo_Bus_0__Verified_Geo_Bus_barFixes_spec__N___redArg
4	l_Float_ofScientific(	Verified/Geo/Bus.c	lp_verified___private_Init_Data_Range_Basic_0__Std_Legacy_Range_forIn_x27_loop___at___00__private_Verified_Geo_Bus_0__Verified_Geo_Bus_busFixes_spec__N___redArg
1	lean_float_of_nat(	Verified/Geo/Bus.c	lp_verified___private_Verified_Geo_Bus_0__Verified_Geo_Bus_centroid
1	lean_float_of_nat(	Verified/Geo/CorridorStall.c	lp_verified_Verified_Geo_CorridorStall_maxCorridorStall
2	l_Float_ofScientific(	Verified/Geo/CorridorStall.c	lp_verified___private_Init_Data_Range_Basic_0__Std_Legacy_Range_forIn_x27_loop___at___00Verified_Geo_CorridorStall_maxCorridorStall_spec__N___redArg
1	lean_float_of_nat(	Verified/Geo/DayState.c	lp_verified___private_Verified_Geo_DayState_0__Verified_Geo_DayState_meanBy
2	lean_float_of_nat(	Verified/Geo/DisplayGate.c	lp_verified_Verified_Geo_DisplayGate_fractionOffRoad
2	lean_float_of_nat(	Verified/Geo/DisplayGate.c	lp_verified_Verified_Geo_DisplayGate_quantilePointDistToPolyline
2	lean_float_of_nat(	Verified/Geo/DisplayGate.c	lp_verified_Verified_Geo_DisplayGate_spliceMatchedWithDivergentRuns
2	l_Float_ofScientific(	Verified/Geo/DisplayGate.c	lp_verified___private_Init_Data_Array_Basic_0__Array_forIn_x27Unsafe_loop___at___00Verified_Geo_DisplayGate_spliceMatchedWithDivergentRuns_spec__N
1	lean_float_of_nat(	Verified/Geo/DisplayGate.c	lp_verified___private_Init_Data_Range_Basic_0__Std_Legacy_Range_forIn_x27_loop___at___00Verified_Geo_DisplayGate_NearGrid_ofChords_spec__N___redArg
1	lean_float_of_nat(	Verified/Geo/DisplayGate.c	lp_verified___private_Init_Data_Range_Basic_0__Std_Legacy_Range_forIn_x27_loop___at___00Verified_Geo_DisplayGate_maxPolylineOffRoad_spec__N___redArg
2	l_Float_ofScientific(	Verified/Geo/DwellContinuation.c	lp_verified_Verified_Geo_DwellContinuation_bindPlace
1	l_Float_ofScientific(	Verified/Geo/EnrichFold.c	lp_verified_Verified_Geo_EnrichFold_nameStay
1	lean_float_of_nat(	Verified/Geo/EnrichFold.c	lp_verified_Verified_Geo_EnrichFold_nameStay
1	lean_float_of_nat(	Verified/Geo/EpisodeGeometry.c	lp_verified_Verified_Geo_EpisodeGeometry_centroidOf
1	l_Float_ofScientific(	Verified/Geo/EpisodeGeometry.c	lp_verified_Verified_Geo_EpisodeGeometry_spikeAt
1	lean_float_of_nat(	Verified/Geo/FocusPlaces.c	lp_verified_List_forIn_x27_loop___at___00__private_Verified_Geo_FocusPlaces_0__Verified_Geo_FocusPlaces_jsNumber_spec__N___redArg
6	l_Float_ofScientific(	Verified/Geo/FocusPlaces.c	lp_verified_Verified_Geo_FocusPlaces_classifyClusterLabel
1	lean_float_of_nat(	Verified/Geo/FocusPlaces.c	lp_verified_Verified_Geo_FocusPlaces_classifyClusterLabel
1	l_Float_ofScientific(	Verified/Geo/FocusPlaces.c	lp_verified___private_Init_While_0__Lean_Loop_forIn_loop___at___00__private_Verified_Geo_FocusPlaces_0__Verified_Geo_FocusPlaces_sumHourBucket_spec__N
1	l_Float_ofScientific(	Verified/Geo/FocusPlaces.c	lp_verified___private_Init_While_0__Lean_Loop_forIn_loop___at___00__private_Verified_Geo_FocusPlaces_0__Verified_Geo_FocusPlaces_weekdayDaytimeHours_spec__N
1	lean_float_of_nat(	Verified/Geo/FocusPlaces.c	lp_verified___private_Verified_Geo_FocusPlaces_0__Verified_Geo_FocusPlaces_meanVec
1	lean_float_of_nat(	Verified/Geo/GpsQuality.c	lp_verified_Verified_Geo_GpsQuality_impliedSpeedKmh
1	l_Float_ofScientific(	Verified/Geo/Interchange.c	lp_verified___private_Init_Data_Array_Basic_0__Array_foldlMUnsafe_fold___at___00Verified_Geo_Interchange_trimRideTailAtWalk_spec__N
2	lean_float_of_nat(	Verified/Geo/Interchange.c	lp_verified___private_Init_Data_Array_Basic_0__Array_foldlMUnsafe_fold___at___00Verified_Geo_Interchange_trimRideTailAtWalk_spec__N
1	l_Float_ofScientific(	Verified/Geo/Interchange.c	lp_verified___private_Init_Data_Range_Basic_0__Std_Legacy_Range_forIn_x27_loop___at___00Verified_Geo_Interchange_trimRideTailAtWalk_spec__N___redArg
3	l_Float_ofScientific(	Verified/Geo/Interchange.c	lp_verified___private_Init_While_0__Lean_Loop_forIn_loop___at___00__private_Verified_Geo_Interchange_0__Verified_Geo_Interchange_tailFixes_spec__N
1	l_Float_ofScientific(	Verified/Geo/Interchange.c	lp_verified___private_Verified_Geo_Interchange_0__Verified_Geo_Interchange_osmLines___redArg
1	l_Float_ofScientific(	Verified/Geo/Interchange.c	lp_verified___private_Verified_Geo_Interchange_0__Verified_Geo_Interchange_tailStepKmh___redArg
2	l_Float_ofScientific(	Verified/Geo/Kalman.c	lp_verified___private_Init_Data_Range_Basic_0__Std_Legacy_Range_forIn_x27_loop___at___00Verified_Geo_Kalman_filterGpsTrack_spec__N___redArg
3	lean_float_of_nat(	Verified/Geo/Kalman.c	lp_verified___private_Init_Data_Range_Basic_0__Std_Legacy_Range_forIn_x27_loop___at___00Verified_Geo_Kalman_filterGpsTrack_spec__N___redArg
2	l_Float_ofScientific(	Verified/Geo/LineStations.c	lp_verified_Verified_Geo_LineStations_pointToLineDistanceM
1	lean_float_of_nat(	Verified/Geo/LineStoppingPattern.c	lp_verified_Verified_Geo_LineStoppingPattern_intermediateStopCount
1	lean_float_of_nat(	Verified/Geo/LineStoppingPattern.c	lp_verified_Verified_Geo_LineStoppingPattern_stopBounds
1	lean_float_of_nat(	Verified/Geo/ModeBiometrics.c	lp_verified___private_Verified_Geo_ModeBiometrics_0__Verified_Geo_ModeBiometrics_computeMeanStd
2	lean_float_of_nat(	Verified/Geo/NameConfidence.c	lp_verified_Verified_Geo_NameConfidence_confidence
2	lean_float_of_nat(	Verified/Geo/OpeningHours.c	lp_verified_Verified_Geo_OpeningHours_openFractionOver
1	lean_float_of_nat(	Verified/Geo/OsmCorridor.c	lp_verified_Verified_Geo_OsmCorridor_corridorWays
1	lean_float_of_nat(	Verified/Geo/OsmCorridor.c	lp_verified_Verified_Geo_OsmCorridor_resamplePolyline
2	l_Float_ofScientific(	Verified/Geo/OsmCorridor.c	lp_verified___private_Verified_Geo_OsmCorridor_0__Verified_Geo_OsmCorridor_oneRoad
2	lean_float_of_nat(	Verified/Geo/OsmRegions.c	lp_verified_Verified_Geo_OsmRegions_tileBbox
1	l_Float_ofScientific(	Verified/Geo/OsmRegions.c	lp_verified___private_Init_Data_Range_Basic_0__Std_Legacy_Range_forIn_x27_loop___at___00Verified_Geo_OsmRegions_tileBbox_spec__N___redArg
2	lean_float_of_nat(	Verified/Geo/OsmRegions.c	lp_verified___private_Init_Data_Range_Basic_0__Std_Legacy_Range_forIn_x27_loop___at___00Verified_Geo_OsmRegions_tileBbox_spec__N___redArg
1	lean_float_of_nat(	Verified/Geo/OsmRouteMembers.c	lp_verified___private_Verified_Geo_OsmRouteMembers_0__Verified_Geo_OsmRouteMembers_N
2	l_Float_ofScientific(	Verified/Geo/OsmSpatial.c	lp_verified_Verified_Geo_OsmSpatial_Lines_lineDistDeg
1	l_Float_ofScientific(	Verified/Geo/PassFold.c	lp_verified___private_Init_Data_Array_Basic_0__Array_mapMUnsafe_map___at___00__private_Verified_Geo_PassFold_0__Verified_Geo_PassFold_dwellTrack_spec__N
2	lean_float_of_nat(	Verified/Geo/PassFold.c	lp_verified___private_Init_Data_Array_Basic_0__Array_mapMUnsafe_map___at___00__private_Verified_Geo_PassFold_0__Verified_Geo_PassFold_dwellTrack_spec__N
2	l_Float_ofScientific(	Verified/Geo/PassFold.c	lp_verified___private_Init_Data_Array_Basic_0__Array_mapMUnsafe_map___at___00__private_Verified_Geo_PassFold_0__Verified_Geo_PassFold_edgeTrack_spec__N
1	lean_float_of_nat(	Verified/Geo/PassFold.c	lp_verified___private_Init_Data_Array_Basic_0__Array_mapMUnsafe_map___at___00__private_Verified_Geo_PassFold_0__Verified_Geo_PassFold_edgeTrack_spec__N
1	lean_float_of_nat(	Verified/Geo/PassFold.c	lp_verified___private_Init_Data_Array_Basic_0__Array_mapMUnsafe_map___at___00__private_Verified_Geo_PassFold_0__Verified_Geo_PassFold_interchangeTrack_spec__N
1	lean_float_of_nat(	Verified/Geo/PassFold.c	lp_verified___private_Init_Data_Array_Basic_0__Array_mapMUnsafe_map___at___00__private_Verified_Geo_PassFold_0__Verified_Geo_PassFold_march_spec__N
2	lean_float_of_nat(	Verified/Geo/PassFold.c	lp_verified___private_Init_Data_Array_Basic_0__Array_mapMUnsafe_map___at___00__private_Verified_Geo_PassFold_0__Verified_Geo_PassFold_outAndBack_spec__N
1	lean_float_of_nat(	Verified/Geo/PassFold.c	lp_verified___private_Init_Data_Array_Basic_0__Array_mapMUnsafe_map___at___00__private_Verified_Geo_PassFold_0__Verified_Geo_PassFold_raggedRoad_spec__N
1	lean_float_of_nat(	Verified/Geo/PassFold.c	lp_verified___private_Init_Data_Array_Basic_0__Array_mapMUnsafe_map___at___00__private_Verified_Geo_PassFold_0__Verified_Geo_PassFold_tubeTrack_spec__N
1	l_Float_ofScientific(	Verified/Geo/PassFold.c	lp_verified___private_Init_While_0__Lean_Loop_forIn_loop___at___00__private_Verified_Geo_PassFold_0__Verified_Geo_PassFold_tailTrimTrack_spec__N
1	lean_float_of_nat(	Verified/Geo/PassFold.c	lp_verified___private_Verified_Geo_PassFold_0__Verified_Geo_PassFold_centroidOf
1	lean_float_of_nat(	Verified/Geo/PlacePrior.c	lp_verified_List_mapTR_loop___at___00__private_Verified_Geo_PlacePrior_0__Verified_Geo_PlacePrior_profile_spec__N
1	lean_float_of_nat(	Verified/Geo/PlacePrior.c	lp_verified_Verified_Geo_PlacePrior_hourProfileMatch
2	lean_float_of_nat(	Verified/Geo/PreFold.c	lp_verified_Verified_Geo_PreFold_endsApart___lam__N
1	lean_float_of_nat(	Verified/Geo/PreFold.c	lp_verified_Verified_Geo_PreFold_meanInWindow
2	lean_float_of_nat(	Verified/Geo/RailAbsorbers.c	lp_verified___private_Verified_Geo_RailAbsorbers_0__Verified_Geo_RailAbsorbers_platformStart
3	l_Float_ofScientific(	Verified/Geo/RailAbsorbers.c	lp_verified___private_Verified_Geo_RailAbsorbers_0__Verified_Geo_RailAbsorbers_stationsAt
1	l_Float_ofScientific(	Verified/Geo/RailAbsorbers.c	lp_verified___private_Verified_Geo_RailAbsorbers_0__Verified_Geo_RailAbsorbers_stepKmh
1	l_Float_ofScientific(	Verified/Geo/RailJourney.c	lp_verified_List_filterTR_loop___at___00__private_Verified_Geo_RailJourney_0__Verified_Geo_RailJourney_linesAtPoint_spec__N
1	l_Float_ofScientific(	Verified/Geo/RailJourney.c	lp_verified_Verified_Geo_RailJourney_legLocation
1	lean_float_of_nat(	Verified/Geo/RailJourney.c	lp_verified_Verified_Geo_RailJourney_legLocation
1	l_Float_ofScientific(	Verified/Geo/RailReconcile.c	lp_verified___private_Verified_Geo_RailReconcile_0__Verified_Geo_RailReconcile_rideSteps___lam__N
2	lean_float_of_nat(	Verified/Geo/RailReconcile.c	lp_verified___private_Verified_Geo_RailReconcile_0__Verified_Geo_RailReconcile_splitOneWindow
2	l_Float_ofScientific(	Verified/Geo/RailReconcile.c	lp_verified___private_Verified_Geo_RailReconcile_0__Verified_Geo_RailReconcile_tr
1	lean_float_of_nat(	Verified/Geo/RailRunAnnotate.c	lp_verified_Verified_Geo_RailRunAnnotate_couldBeTrainPause
1	l_Float_ofScientific(	Verified/Geo/RailRunAnnotate.c	lp_verified_Verified_Geo_RailRunAnnotate_resolveRailRunLabel
2	l_Float_ofScientific(	Verified/Geo/RailRunAnnotate.c	lp_verified___private_Init_Data_Array_Basic_0__Array_foldlMUnsafe_fold___at___00__private_Init_Data_Array_Basic_0__Array_foldlMUnsafe_fold___at___00__private_Verified_Geo_RailRunAnnotate_0__Verified_Geo_RailRunAnnotate_collapse_spec__N_spec__N
2	l_Float_ofScientific(	Verified/Geo/RailRunAnnotate.c	lp_verified___private_Init_Data_Array_Basic_0__Array_foldlMUnsafe_fold___at___00__private_Verified_Geo_RailRunAnnotate_0__Verified_Geo_RailRunAnnotate_collapse_spec__N
1	l_Float_ofScientific(	Verified/Geo/RailRunAnnotate.c	lp_verified___private_Verified_Geo_RailRunAnnotate_0__Verified_Geo_RailRunAnnotate_collapse
1	lean_float_of_nat(	Verified/Geo/RailRunAnnotate.c	lp_verified___private_Verified_Geo_RailRunAnnotate_0__Verified_Geo_RailRunAnnotate_collapse
1	lean_float_of_nat(	Verified/Geo/RailRunAnnotate.c	lp_verified___private_Verified_Geo_RailRunAnnotate_0__Verified_Geo_RailRunAnnotate_roundTo
1	lean_float_of_nat(	Verified/Geo/RailSnap.c	lp_verified_Verified_Geo_RailSnap_resolveStation
1	l_Float_ofScientific(	Verified/Geo/RailSnap.c	lp_verified___private_Init_Data_Array_Basic_0__Array_forIn_x27Unsafe_loop___at___00Verified_Geo_RailSnap_FixCloud_ofFixes_spec__N
2	lean_float_of_nat(	Verified/Geo/RailSnap.c	lp_verified___private_Init_Data_Array_Basic_0__Array_mapMUnsafe_map___at___00__private_Verified_Geo_RailSnap_0__Verified_Geo_RailSnap_cloudAlong_spec__N
1	l_Float_ofScientific(	Verified/Geo/RailSnap.c	lp_verified___private_Verified_Geo_RailSnap_0__Verified_Geo_RailSnap_bridgeGaps
1	l_Float_ofScientific(	Verified/Geo/RefineMode.c	lp_verified_Verified_Geo_RefineMode_rejectImplausibleDriving
1	lean_float_of_nat(	Verified/Geo/Reversal.c	lp_verified_Verified_Geo_Reversal_statsOver
1	l_Float_ofScientific(	Verified/Geo/RoadMatchAnnotate.c	lp_verified___private_Init_Data_Array_Basic_0__Array_forIn_x27Unsafe_loop___at___00Verified_Geo_RoadMatchAnnotate_annotateRoadMatchesTraced_spec__N
1	lean_float_of_nat(	Verified/Geo/SegmentMerge.c	lp_verified_Verified_Geo_SegmentMerge_meanOf
1	lean_float_of_nat(	Verified/Geo/SegmentMerge.c	lp_verified___private_Init_Data_Array_Basic_0__Array_forIn_x27Unsafe_loop___at___00Verified_Geo_SegmentMerge_consolidateJitterStays_spec__N___lam__N
8	l_Float_ofScientific(	Verified/Geo/SegmentMerge.c	lp_verified___private_Verified_Geo_SegmentMerge_0__Verified_Geo_SegmentMerge_namedAfter___redArg
2	lean_cstr_to_nat(	Verified/Geo/SegmentMerge.c	lp_verified___private_Verified_Geo_SegmentMerge_0__Verified_Geo_SegmentMerge_namedAfter___redArg
1	l_Float_ofScientific(	Verified/Geo/SegmentUtil.c	lp_verified_Verified_Geo_SegmentUtil_statsOverWindow
1	lean_float_of_nat(	Verified/Geo/SegmentUtil.c	lp_verified_Verified_Geo_SegmentUtil_statsOverWindow
1	l_Float_ofScientific(	Verified/Geo/Segments.c	lp_verified_Verified_Geo_Segments_isStationaryIncoherent
1	l_Float_ofScientific(	Verified/Geo/Segments.c	lp_verified_Verified_Geo_Segments_roadSupportedConfidence
2	lean_float_of_nat(	Verified/Geo/Segments.c	lp_verified___private_Init_Data_Array_Basic_0__Array_foldlMUnsafe_fold___at___00Verified_Geo_Segments_mergeWindows_spec__N
1	l_Float_ofScientific(	Verified/Geo/Segments.c	lp_verified___private_Init_Data_Array_Basic_0__Array_forIn_x27Unsafe_loop___at___00Verified_Geo_Segments_findStays_spec__N
1	lean_float_of_nat(	Verified/Geo/Segments.c	lp_verified___private_Init_Data_Array_Basic_0__Array_forIn_x27Unsafe_loop___at___00Verified_Geo_Segments_findStays_spec__N
4	l_Float_ofScientific(	Verified/Geo/Segments.c	lp_verified___private_Init_Data_Array_Basic_0__Array_mapMUnsafe_map___at___00__private_Verified_Geo_Segments_0__Verified_Geo_Segments_blipPts_spec__N
1	lean_float_of_nat(	Verified/Geo/Segments.c	lp_verified___private_Init_Data_Array_Basic_0__Array_mapMUnsafe_map___at___00__private_Verified_Geo_Segments_0__Verified_Geo_Segments_blipPts_spec__N
2	l_Float_ofScientific(	Verified/Geo/Segments.c	lp_verified___private_Init_Data_Array_Basic_0__Array_mapMUnsafe_map___at___00__private_Verified_Geo_Segments_0__Verified_Geo_Segments_dwellPts_spec__N
3	l_Float_ofScientific(	Verified/Geo/Segments.c	lp_verified___private_Init_Data_Array_Basic_0__Array_mapMUnsafe_map___at___00__private_Verified_Geo_Segments_0__Verified_Geo_Segments_movePts_spec__N
1	lean_float_of_nat(	Verified/Geo/Segments.c	lp_verified___private_Init_Data_Array_Basic_0__Array_mapMUnsafe_map___at___00__private_Verified_Geo_Segments_0__Verified_Geo_Segments_movePts_spec__N
6	l_Float_ofScientific(	Verified/Geo/Segments.c	lp_verified___private_Init_Data_Array_Basic_0__Array_mapMUnsafe_map___at___00__private_Verified_Geo_Segments_0__Verified_Geo_Segments_twoStayPts_spec__N
4	l_Float_ofScientific(	Verified/Geo/Segments.c	lp_verified___private_Init_Data_Array_Basic_0__Array_mapMUnsafe_map___at___00__private_Verified_Geo_Segments_0__Verified_Geo_Segments_walkPts_spec__N
1	lean_float_of_nat(	Verified/Geo/Segments.c	lp_verified___private_Init_Data_Array_Basic_0__Array_mapMUnsafe_map___at___00__private_Verified_Geo_Segments_0__Verified_Geo_Segments_walkPts_spec__N
4	l_Float_ofScientific(	Verified/Geo/Segments.c	lp_verified___private_Init_Data_Range_Basic_0__Std_Legacy_Range_forIn_x27_loop___at___00Verified_Geo_Segments_inferTransitGaps_spec__N___redArg
1	l_Float_ofScientific(	Verified/Geo/Segments.c	lp_verified___private_Init_Data_Range_Basic_0__Std_Legacy_Range_forIn_x27_loop___at___00Verified_Geo_Segments_inferTransitGaps_spec__N___redArg___lam__N
1	l_Float_ofScientific(	Verified/Geo/Segments.c	lp_verified___private_Init_Data_Range_Basic_0__Std_Legacy_Range_forIn_x27_loop___at___00Verified_Geo_Segments_mergeWindows_spec__N___redArg
1	lean_float_of_nat(	Verified/Geo/Segments.c	lp_verified___private_Init_Data_Range_Basic_0__Std_Legacy_Range_forIn_x27_loop___at___00Verified_Geo_Segments_mergeWindows_spec__N___redArg
1	l_Float_ofScientific(	Verified/Geo/Segments.c	lp_verified___private_Init_Data_Range_Basic_0__Std_Legacy_Range_forIn_x27_loop___at___00Verified_Geo_Segments_pedestrianCoreDisplacementM_spec__N___redArg
1	lean_float_of_nat(	Verified/Geo/Segments.c	lp_verified___private_Init_Data_Range_Basic_0__Std_Legacy_Range_forIn_x27_loop___at___00Verified_Geo_Segments_pedestrianCoreDisplacementM_spec__N___redArg
2	l_Float_ofScientific(	Verified/Geo/Segments.c	lp_verified___private_Init_Data_Range_Basic_0__Std_Legacy_Range_forIn_x27_loop___at___00__private_Verified_Geo_Segments_0__Verified_Geo_Segments_featuresOf_spec__N___redArg
4	lean_float_of_nat(	Verified/Geo/Segments.c	lp_verified___private_Verified_Geo_Segments_0__Verified_Geo_Segments_featuresOf___redArg
2	lean_float_of_nat(	Verified/Geo/Segments.c	lp_verified___private_Verified_Geo_Segments_0__Verified_Geo_Segments_flushSeg___redArg
2	lean_float_of_nat(	Verified/Geo/Segments.c	lp_verified___private_Verified_Geo_Segments_0__Verified_Geo_Segments_variance
1	lean_float_of_nat(	Verified/Geo/SplitFold.c	lp_verified___private_Init_Data_Array_Basic_0__Array_mapMUnsafe_map___at___00Verified_Geo_SplitFold_stayCentroids_spec__N
1	l_Float_ofScientific(	Verified/Geo/StayEnrich.c	lp_verified___private_Init_While_0__Lean_Loop_forIn_loop___at___00Verified_Geo_StayEnrich_hasOvernightPresence_spec__N
1	lean_float_of_nat(	Verified/Geo/StaySplit.c	lp_verified_Shed_walkRemainder
1	lean_float_of_nat(	Verified/Geo/StaySplit.c	lp_verified___private_Init_Data_Array_Basic_0__Array_forIn_x27Unsafe_loop___at___00Walks_splitWalksOnEvidence_spec__N
1	l_Float_ofScientific(	Verified/Geo/StaySplit.c	lp_verified___private_Init_Data_Array_Basic_0__Array_mapMUnsafe_map___at___00__private_Verified_Geo_StaySplit_0__BRIEF_spec__N
1	lean_float_of_nat(	Verified/Geo/StaySplit.c	lp_verified___private_Init_Data_Array_Basic_0__Array_mapMUnsafe_map___at___00__private_Verified_Geo_StaySplit_0__BRIEF_spec__N
1	l_Float_ofScientific(	Verified/Geo/StaySplit.c	lp_verified___private_Init_Data_Array_Basic_0__Array_mapMUnsafe_map___at___00__private_Verified_Geo_StaySplit_0__STOP_spec__N
2	lean_float_of_nat(	Verified/Geo/StaySplit.c	lp_verified___private_Init_Data_Array_Basic_0__Array_mapMUnsafe_map___at___00__private_Verified_Geo_StaySplit_0__STOP_spec__N
1	l_Float_ofScientific(	Verified/Geo/StaySplit.c	lp_verified___private_Init_Data_Array_Basic_0__Array_mapMUnsafe_map___at___00__private_Verified_Geo_StaySplit_0__TWO__STOPS_spec__N
1	lean_float_of_nat(	Verified/Geo/StaySplit.c	lp_verified___private_Init_Data_Array_Basic_0__Array_mapMUnsafe_map___at___00__private_Verified_Geo_StaySplit_0__TWO__STOPS_spec__N
1	lean_float_of_nat(	Verified/Geo/StaySplit.c	lp_verified___private_Init_Data_Array_Basic_0__Array_mapMUnsafe_map___at___00__private_Verified_Geo_StaySplit_0__ewIn_spec__N
1	l_Float_ofScientific(	Verified/Geo/StaySplit.c	lp_verified___private_Init_Data_Array_Basic_0__Array_mapMUnsafe_map___at___00__private_Verified_Geo_StaySplit_0__ewNear_spec__N
1	lean_float_of_nat(	Verified/Geo/StaySplit.c	lp_verified___private_Init_Data_Array_Basic_0__Array_mapMUnsafe_map___at___00__private_Verified_Geo_StaySplit_0__ewOut_spec__N
2	lean_float_of_nat(	Verified/Geo/StaySplit.c	lp_verified___private_Init_Data_Range_Basic_0__Std_Legacy_Range_forIn_x27_loop___at___00Stays_splitByEvidence_spec__N___redArg
1	l_Float_ofScientific(	Verified/Geo/StaySplit.c	lp_verified___private_Init_Data_Range_Basic_0__Std_Legacy_Range_forIn_x27_loop___at___00Stays_splitStaysOnEvidence_spec__N___redArg
1	l_Float_ofScientific(	Verified/Geo/StaySplit.c	lp_verified___private_Init_Data_Range_Basic_0__Std_Legacy_Range_forIn_x27_loop___at___00VehicleLeg_splitWalksOnVehicleLeg_spec__N___redArg
1	lean_float_of_nat(	Verified/Geo/StaySplit.c	lp_verified___private_Init_Data_Range_Basic_0__Std_Legacy_Range_forIn_x27_loop___at___00Walks_splitWalksOnEvidence_spec__N___redArg___lam__N
1	lean_float_of_nat(	Verified/Geo/StaySplit.c	lp_verified___private_Init_Data_Range_Basic_0__Std_Legacy_Range_forIn_x27_loop___at___00__private_Verified_Geo_StaySplit_0__Dwell_runEnd_spec__N___redArg
1	l_Float_ofScientific(	Verified/Geo/StaySplit.c	lp_verified___private_Init_Data_Range_Basic_0__Std_Legacy_Range_forIn_x27_loop___at___00__private_Verified_Geo_StaySplit_0__VehicleLeg_bestInterval_spec__N___redArg
1	lean_float_of_nat(	Verified/Geo/StaySplit.c	lp_verified___private_Verified_Geo_StaySplit_0__Arrival_arrival
1	l_Float_ofScientific(	Verified/Geo/StaySplit.c	lp_verified___private_Verified_Geo_StaySplit_0__Arrival_stepKmh
1	lean_float_of_nat(	Verified/Geo/StaySplit.c	lp_verified___private_Verified_Geo_StaySplit_0__Dwell_cutWalk
1	lean_float_of_nat(	Verified/Geo/StaySplit.c	lp_verified___private_Verified_Geo_StaySplit_0__FootArrival_footArrival
1	l_Float_ofScientific(	Verified/Geo/StaySplit.c	lp_verified___private_Verified_Geo_StaySplit_0__Handoff_stepKmh
1	l_Float_ofScientific(	Verified/Geo/StaySplit.c	lp_verified___private_Verified_Geo_StaySplit_0__RideHead_stepKmh
1	l_Float_ofScientific(	Verified/Geo/StaySplit.c	lp_verified___private_Verified_Geo_StaySplit_0__Shed_stepKmh
1	l_Float_ofScientific(	Verified/Geo/StaySplit.c	lp_verified___private_Verified_Geo_StaySplit_0__VehicleLeg_stepKmh
2	l_Float_ofScientific(	Verified/Geo/TubeHop.c	lp_verified_Verified_Geo_TubeHop_findBlackoutHop
2	l_Float_ofScientific(	Verified/Geo/TubeHop.c	lp_verified___private_Init_Data_Range_Basic_0__Std_Legacy_Range_forIn_x27_loop___at___00Verified_Geo_TubeHop_bridgeFastGaps_spec__N___redArg
1	l_Float_ofScientific(	Verified/Geo/UndergroundAnnotate.c	lp_verified___private_Init_Data_Array_Basic_0__Array_foldlMUnsafe_fold___at___00Verified_Geo_UndergroundAnnotate_annotateUndergroundRuns_spec__N
1	lean_float_of_nat(	Verified/Geo/UndergroundAnnotate.c	lp_verified___private_Init_Data_Array_Basic_0__Array_foldlMUnsafe_fold___at___00Verified_Geo_UndergroundAnnotate_annotateUndergroundRuns_spec__N___lam__N
1	l_Float_ofScientific(	Verified/Geo/UndergroundAnnotate.c	lp_verified___private_Verified_Geo_UndergroundAnnotate_0__Verified_Geo_UndergroundAnnotate_blackoutRide
1	lean_float_of_nat(	Verified/Geo/UndergroundAnnotate.c	lp_verified___private_Verified_Geo_UndergroundAnnotate_0__Verified_Geo_UndergroundAnnotate_blackoutRide
1	lean_float_of_nat(	Verified/Geo/UndergroundJourney.c	lp_verified___private_Init_Data_Array_Basic_0__Array_foldlMUnsafe_fold___at___00Verified_Geo_UndergroundJourney_clusterByGap_spec__N
1	lean_float_of_nat(	Verified/Geo/UndergroundJourney.c	lp_verified___private_Init_Data_Array_Basic_0__Array_forIn_x27Unsafe_loop___at___00Verified_Geo_UndergroundJourney_reconstructUndergroundJourney_spec__N
2	lean_float_of_nat(	Verified/Geo/Velocity.c	lp_verified_Verified_Geo_Velocity_computeRoadNearestFraction
1	lean_float_of_nat(	Verified/Geo/Velocity.c	lp_verified___private_Init_Data_Array_Basic_0__Array_mapMUnsafe_map___at___00__private_Verified_Geo_Velocity_0__StationaryCoherence_DRIFT_spec__N
1	lean_float_of_nat(	Verified/Geo/Velocity.c	lp_verified___private_Init_Data_Array_Basic_0__Array_mapMUnsafe_map___at___00__private_Verified_Geo_Velocity_0__StationaryCoherence_MARCH_spec__N
1	lean_float_of_nat(	Verified/Geo/Velocity.c	lp_verified___private_Verified_Geo_Velocity_0__Verified_Geo_Velocity_meanOpt
1	lean_float_of_nat(	Verified/Geo/VenuePrior.c	lp_verified_Verified_Geo_VenuePrior_blendedBinP
1	lean_float_of_nat(	Verified/Geo/VenuePrior.c	lp_verified_Verified_Geo_VenuePrior_minePriors
1	lean_float_of_nat(	Verified/Geo/VenuePrior.c	lp_verified_Verified_Geo_VenuePrior_shapeParts
1	l_Float_ofScientific(	Verified/Geo/WalkAnnotate.c	lp_verified_Verified_Geo_WalkAnnotate_prepFor
1	lean_float_of_nat(	Verified/Geo/WalkAnnotate.c	lp_verified_Verified_Geo_WalkAnnotate_prepFor
1	l_Float_ofScientific(	Verified/Geo/WalkAnnotate.c	lp_verified___private_Init_Data_Array_Basic_0__Array_mapMUnsafe_map___at___00__private_Verified_Geo_WalkAnnotate_0__Verified_Geo_WalkAnnotate_OFF__FIXED_spec__N
1	l_Float_ofScientific(	Verified/Geo/WalkAnnotate.c	lp_verified___private_Init_Data_Array_Basic_0__Array_mapMUnsafe_map___at___00__private_Verified_Geo_WalkAnnotate_0__Verified_Geo_WalkAnnotate_OFF__SNAPPED_spec__N
1	l_Float_ofScientific(	Verified/Geo/WalkAnnotate.c	lp_verified___private_Init_Data_Array_Basic_0__Array_mapMUnsafe_map___at___00__private_Verified_Geo_WalkAnnotate_0__Verified_Geo_WalkAnnotate_nudge_spec__N
1	l_Float_ofScientific(	Verified/Geo/WalkAnnotate.c	lp_verified___private_Init_Data_Range_Basic_0__Std_Legacy_Range_forIn_x27_loop___at___00Verified_Geo_WalkAnnotate_trackBand_spec__N___redArg
1	lean_float_of_nat(	Verified/Geo/WalkAnnotate.c	lp_verified___private_Init_Data_Range_Basic_0__Std_Legacy_Range_forIn_x27_loop___at___00Verified_Geo_WalkAnnotate_trackBand_spec__N___redArg
2	lean_float_of_nat(	Verified/Geo/WalkEscape.c	lp_verified_Verified_Geo_WalkEscape_correctWalkPathIn
1	lean_float_of_nat(	Verified/Geo/WalkEscape.c	lp_verified_Verified_Geo_WalkEscape_snapWithWayIn
1	lean_float_of_nat(	Verified/Geo/WalkEscape.c	lp_verified___private_Init_Data_Array_Basic_0__Array_forIn_x27Unsafe_loop___at___00Verified_Geo_WalkEscape_ringCornersBetween_spec__N
1	l_Float_ofScientific(	Verified/Geo/WalkEscape.c	lp_verified___private_Init_Data_Array_Basic_0__Array_mapMUnsafe_map___at___00Verified_Geo_WalkEscape_ringBoxes_spec__N
1	l_Float_ofScientific(	Verified/Geo/WalkEscape.c	lp_verified___private_Init_Data_Array_Basic_0__Array_mapMUnsafe_map___at___00Verified_Geo_WalkEscape_ringCornersBetween_spec__N
1	lean_float_of_nat(	Verified/Geo/WalkEscape.c	lp_verified___private_Init_Data_Range_Basic_0__Std_Legacy_Range_forIn_x27_loop___at___00Verified_Geo_WalkEscape_densify_spec__N___redArg
1	lean_float_of_nat(	Verified/Geo/WalkEscape.c	lp_verified___private_Init_Data_Range_Basic_0__Std_Legacy_Range_forIn_x27_loop___at___00Verified_Geo_WalkEscape_polylineEntersBuilding_spec__N___redArg
2	l_Float_ofScientific(	Verified/Geo/WalkEscape.c	lp_verified___private_Init_Data_Range_Basic_0__Std_Legacy_Range_forIn_x27_loop___at___00Verified_Geo_WalkEscape_ringCornersBetween_spec__N___redArg
1	lean_float_of_nat(	Verified/Geo/WalkEscape.c	lp_verified___private_Init_Data_Range_Basic_0__Std_Legacy_Range_forIn_x27_loop___at___00Verified_Geo_WalkEscape_segBadnessM_spec__N___redArg
2	l_Float_ofScientific(	Verified/Geo/WalkEscape.c	lp_verified___private_Init_Data_Range_Basic_0__Std_Legacy_Range_forIn_x27_loop___at___00Verified_Geo_WalkEscape_segRingCrossingTs_spec__N___redArg
1	l_Float_ofScientific(	Verified/Geo/WalkEscape.c	lp_verified___private_Init_Data_Range_Basic_0__Std_Legacy_Range_forIn_x27_loop___at___00Verified_Geo_WalkEscape_snapPassagesIn_spec__N___redArg
1	lean_float_of_nat(	Verified/Geo/WalkEscape.c	lp_verified___private_Init_Data_Range_Basic_0__Std_Legacy_Range_forIn_x27_loop___at___00Verified_Geo_WalkEscape_snapPassagesIn_spec__N___redArg
1	lean_float_of_nat(	Verified/Geo/WalkEscape.c	lp_verified___private_Init_Data_Range_Basic_0__Std_Legacy_Range_forIn_x27_loop___at___00Verified_Geo_WalkEscape_snapWithWay_spec__N___redArg
2	lean_float_of_nat(	Verified/Geo/WalkEscape.c	lp_verified___private_Init_Data_Range_Basic_0__Std_Legacy_Range_forIn_x27_loop___at___00__private_Verified_Geo_WalkEscape_0__Verified_Geo_WalkEscape_SWEEP_spec__N___redArg
1	l_Float_ofScientific(	Verified/Geo/WalkEscape.c	lp_verified___private_Init_While_0__Lean_Loop_forIn_loop___at___00Verified_Geo_WalkEscape_correctWalkPathIn_spec__N
1	lean_float_of_nat(	Verified/Geo/WalkEscape.c	lp_verified___private_Init_While_0__Lean_Loop_forIn_loop___at___00Verified_Geo_WalkEscape_correctWalkPathIn_spec__N___lam__N
1	lean_float_of_nat(	Verified/Geo/WalkEscape.c	lp_verified___private_Init_While_0__Lean_Loop_forIn_loop___at___00Verified_Geo_WalkEscape_snapPassagesIn_spec__N
2	lean_float_of_nat(	Verified/Geo/WalkMatchAdapt.c	lp_verified_Verified_Geo_WalkMatchAdapt_intToFloat
1	l_Float_ofScientific(	Verified/Geo/WalkSmooth.c	lp_verified_Verified_Geo_WalkSmooth_refineMatchedPath
1	l_Float_ofScientific(	Verified/Geo/WalkSmooth.c	lp_verified___private_Init_Data_Array_Basic_0__Array_forIn_x27Unsafe_loop___at___00Verified_Geo_WalkSmooth_buildLegGrid_spec__N
1	l_Float_ofScientific(	Verified/Geo/WalkSmooth.c	lp_verified___private_Init_Data_Array_Basic_0__Array_forIn_x27Unsafe_loop___at___00Verified_Geo_WalkSmooth_refineMatchedPath_spec__N
1	l_Float_ofScientific(	Verified/Geo/WalkSmooth.c	lp_verified___private_Init_Data_Array_Basic_0__Array_forIn_x27Unsafe_loop___at___00__private_Init_Data_Array_Basic_0__Array_forIn_x27Unsafe_loop___at___00Verified_Geo_WalkSmooth_refineMatchedPath_spec__N_spec__N
2	l_Float_ofScientific(	Verified/Geo/WalkSmooth.c	lp_verified___private_Init_Data_Array_Basic_0__Array_mapMUnsafe_map___at___00Verified_Geo_WalkSmooth_refineMatchedPath_spec__N
2	l_Float_ofScientific(	Verified/Geo/WalkSmooth.c	lp_verified___private_Init_Data_Array_Basic_0__Array_mapMUnsafe_map___at___00__private_Init_Data_Array_Basic_0__Array_mapMUnsafe_map___at___00Verified_Geo_WalkSmooth_refineMatchedPath_spec__N_spec__N
1	lean_float_of_nat(	Verified/Geo/WalkSmooth.c	lp_verified___private_Init_Data_Range_Basic_0__Std_Legacy_Range_forIn_x27_loop___at___00Verified_Geo_WalkSmooth_buildStateChain_spec__N___redArg
2	l_Float_ofScientific(	Verified/Geo/WalkSmooth.c	lp_verified___private_Init_Data_Range_Basic_0__Std_Legacy_Range_forIn_x27_loop___at___00Verified_Geo_WalkSmooth_countSharpTurns_spec__N___redArg
3	l_Float_ofScientific(	Verified/Geo/WalkSmooth.c	lp_verified___private_Init_Data_Range_Basic_0__Std_Legacy_Range_forIn_x27_loop___at___00Verified_Geo_WalkSmooth_refineMatchedPath_spec__N___redArg
1	l_Float_ofScientific(	Verified/Geo/WalkSmooth.c	lp_verified___private_Init_Data_Range_Basic_0__Std_Legacy_Range_forIn_x27_loop___at___00Verified_Geo_WalkSmooth_refineMatchedPath_spec__N___redArg___lam__N
2	l_Float_ofScientific(	Verified/Geo/WalkSmooth.c	lp_verified___private_Init_Data_Range_Basic_0__Std_Legacy_Range_forIn_x27_loop___at___00Verified_Geo_WalkSmooth_spliceCornerDetours_spec__N___redArg
3	l_Float_ofScientific(	Verified/Geo/WalkSmooth.c	lp_verified___private_Init_Data_Range_Basic_0__Std_Legacy_Range_forIn_x27_loop___at___00__private_Init_Data_Range_Basic_0__Std_Legacy_Range_forIn_x27_loop___at___00Verified_Geo_WalkSmooth_refineMatchedPath_spec__N_spec__N___redArg
1	l_Float_ofScientific(	Verified/Geo/WalkSmooth.c	lp_verified___private_Init_Data_Range_Basic_0__Std_Legacy_Range_forIn_x27_loop___at___00__private_Init_Data_Range_Basic_0__Std_Legacy_Range_forIn_x27_loop___at___00__private_Verified_Geo_WalkSmooth_0__Verified_Geo_WalkSmooth_solveChain_spec__N_spec__N___redArg
2	l_Float_ofScientific(	Verified/Geo/WalkSmooth.c	lp_verified___private_Init_Data_Range_Basic_0__Std_Legacy_Range_forIn_x27_loop___at___00__private_Verified_Geo_WalkSmooth_0__Verified_Geo_WalkSmooth_solveChain_spec__N___redArg
1	l_Float_ofScientific(	Verified/Geo/WalkSmooth.c	lp_verified___private_Init_While_0__Lean_Loop_forIn_loop___at___00Verified_Geo_WalkSmooth_solvePCG_spec__N
1	l_Float_ofScientific(	Verified/Geo/WalkSmooth.c	lp_verified___private_Init_While_0__Lean_Loop_forIn_loop___at___00__private_Init_While_0__Lean_Loop_forIn_loop___at___00Verified_Geo_WalkSmooth_solvePCG_spec__N_spec__N
1	lean_float_of_nat(	Verified/Geo/WalkSmooth.c	lp_verified___private_Verified_Geo_WalkSmooth_0__Verified_Geo_WalkSmooth_solveChain
1	lean_float_of_nat(	Verified/Hsmm/Assemble.c	lp_verified_List_foldl___at___00Verified_Hsmm_Assemble_buildContext_spec__N
1	lean_float_of_nat(	Verified/Hsmm/Assemble.c	lp_verified_Verified_Hsmm_Assemble_durPriorBase
4	l_Float_ofScientific(	Verified/Hsmm/Assemble.c	lp_verified_Verified_Hsmm_Assemble_emitAt
1	l_Float_ofScientific(	Verified/Hsmm/Assemble.c	lp_verified_Verified_Hsmm_Assemble_transAt
4	l_Float_ofScientific(	Verified/Hsmm/Continuity.c	lp_verified_Verified_Hsmm_Continuity_continuityLogLikelihood
1	lean_float_of_nat(	Verified/Hsmm/Duration.c	lp_verified_List_foldl___at___00Verified_Hsmm_Duration_logGammaLanczos_spec__N
2	l_Float_ofScientific(	Verified/Hsmm/Duration.c	lp_verified_Verified_Hsmm_Duration_fitDurationDistribution
2	lean_float_of_nat(	Verified/Hsmm/Duration.c	lp_verified_Verified_Hsmm_Duration_fitDurationDistribution
1	l_Float_ofScientific(	Verified/Hsmm/EmissionFull.c	lp_verified_Verified_Hsmm_EmissionFull_baseEmissionWithReacquire___lam__N
1	lean_float_of_nat(	Verified/Hsmm/EmissionFull.c	lp_verified_Verified_Hsmm_EmissionFull_emissionLogProbFullWith
1	lean_float_of_nat(	Verified/Hsmm/EmissionFull.c	lp_verified___private_Verified_Hsmm_EmissionFull_0__Verified_Hsmm_EmissionFull_toGeoFix
7	l_Float_ofScientific(	Verified/Hsmm/Entry.c	lp_verified_Verified_Hsmm_Entry_entryLogProb
1	lean_float_of_nat(	Verified/Hsmm/Entry.c	lp_verified_Verified_Hsmm_Entry_entryLogProb
1	lean_float_of_nat(	Verified/Hsmm/Entry.c	lp_verified___private_Init_Data_Array_Basic_0__Array_mapMUnsafe_map___at___00__private_Verified_Hsmm_Entry_0__Verified_Hsmm_Entry_prof_spec__N
1	l_Float_ofScientific(	Verified/Hsmm/Geometric.c	lp_verified_Verified_Hsmm_Geometric_geometricFeasibility___lam__N
1	l_Float_ofScientific(	Verified/Hsmm/Geometric.c	lp_verified_Verified_Hsmm_Geometric_reachLogLikelihood
1	lean_float_of_nat(	Verified/Hsmm/GpsOutliers.c	lp_verified_List_mapTR_loop___at___00__private_Verified_Hsmm_GpsOutliers_0__Verified_Hsmm_GpsOutliers_ride_spec__N
6	l_Float_ofScientific(	Verified/Hsmm/LineProximity.c	lp_verified_Verified_Hsmm_LineProximity_lineProximityFactor
1	lean_float_of_nat(	Verified/Hsmm/Observation.c	lp_verified_Verified_Hsmm_Observation_mean
2	lean_float_of_nat(	Verified/Hsmm/RouteGraph.c	lp_verified___private_Verified_Hsmm_RouteGraph_0__Verified_Hsmm_RouteGraph_jsIntegerLayer_x3f
2	l_Float_ofScientific(	Verified/Hsmm/RouteModel.c	lp_verified_List_foldl___at___00Verified_Hsmm_RouteModel_chainMinuteTabledD_spec__N
1	l_Float_ofScientific(	Verified/Hsmm/RouteModel.c	lp_verified_Verified_Hsmm_RouteModel_chainMinuteTabledD
1	lean_float_of_nat(	Verified/Hsmm/RouteModel.c	lp_verified_Verified_Hsmm_RouteModel_chainMinuteTabledD
1	lean_float_of_nat(	Verified/Hsmm/RouteModel.c	lp_verified_Verified_Hsmm_RouteModel_chainMinute___lam__N
12	l_Float_ofScientific(	Verified/Hsmm/RouteModel.c	lp_verified_Verified_Hsmm_RouteModel_routeRailEvidence
11	l_Float_ofScientific(	Verified/Hsmm/RouteRail.c	lp_verified_Verified_Hsmm_RouteRail_routeRailEvidence
3	lean_float_of_nat(	Verified/Hsmm/SegmentEvidence.c	lp_verified_Verified_Hsmm_SegmentEvidence_windowFor
1	lean_float_of_nat(	Verified/Hsmm/StationChain.c	lp_verified_Verified_Hsmm_StationChain_durationPenalty
1	lean_float_of_nat(	Verified/Hsmm/StationChain.c	lp_verified_Verified_Hsmm_StationChain_passPenalty
1	l_Float_ofScientific(	Verified/Hsmm/StationChain.c	lp_verified_Verified_Hsmm_StationChain_trajectoryPenalty
1	l_Float_ofScientific(	Verified/Hsmm/StationChain.c	lp_verified___private_Init_Data_Array_Basic_0__Array_foldlMUnsafe_fold___at___00Verified_Hsmm_StationChain_passPenalty_spec__N___lam__N
3	l_Float_ofScientific(	Verified/Hsmm/TrainGenerator.c	lp_verified_Verified_Hsmm_TrainGenerator_trainEntryPrior
1	l_Float_ofScientific(	Verified/Hsmm/TrainHopDuration.c	lp_verified_Verified_Hsmm_TrainHopDuration_trainHopDurationLogProb
1	l_Float_ofScientific(	Verified/Hsmm/TrainHopDuration.c	lp_verified_Verified_Hsmm_TrainHopDuration_trainHopDurationLogProbFrom
2	lean_float_of_nat(	Verified/Hsmm/TrainWindows.c	lp_verified_Verified_Hsmm_TrainWindows_bracketedStationHop
2	l_Float_ofScientific(	Verified/Hsmm/TrainWindows.c	lp_verified_Verified_Hsmm_TrainWindows_windowIfValid
5	lean_float_of_nat(	Verified/Hsmm/TrainWindows.c	lp_verified_Verified_Hsmm_TrainWindows_windowIfValid
1	l_Float_ofScientific(	Verified/Hsmm/TrainWindows.c	lp_verified___private_Init_Data_Range_Basic_0__Std_Legacy_Range_forIn_x27_loop___at___00Verified_Hsmm_TrainWindows_findTrainWindows_spec__N___redArg
2	lean_float_of_nat(	Verified/Hsmm/TrainWindows.c	lp_verified___private_Init_Data_Range_Basic_0__Std_Legacy_Range_forIn_x27_loop___at___00Verified_Hsmm_TrainWindows_findTrainWindows_spec__N___redArg
1	l_Float_ofScientific(	Verified/Hsmm/TrainWindows.c	lp_verified___private_Init_Data_Range_Basic_0__Std_Legacy_Range_forIn_x27_loop___at___00__private_Init_Data_Range_Basic_0__Std_Legacy_Range_forIn_x27_loop___at___00Verified_Hsmm_TrainWindows_findTrainWindows_spec__N_spec__N___redArg
2	lean_float_of_nat(	Verified/Hsmm/TrainWindows.c	lp_verified___private_Init_Data_Range_Basic_0__Std_Legacy_Range_forIn_x27_loop___at___00__private_Init_Data_Range_Basic_0__Std_Legacy_Range_forIn_x27_loop___at___00Verified_Hsmm_TrainWindows_findTrainWindows_spec__N_spec__N___redArg
5	l_Float_ofScientific(	Verified/JsNum.c	lp_verified___private_Init_Data_Range_Basic_0__Std_Legacy_Range_forIn_x27_loop___at___00__private_Verified_JsNum_0__Verified_JsNum_sweep_spec__N___redArg
1	lean_float_of_nat(	Verified/JsNum.c	lp_verified___private_Init_Data_Range_Basic_0__Std_Legacy_Range_forIn_x27_loop___at___00__private_Verified_JsNum_0__Verified_JsNum_sweep_spec__N___redArg
2	lean_cstr_to_nat(	Verified/JsNum.c	lp_verified___private_Verified_JsNum_0__Verified_JsNum_lcg
1	l_Float_ofScientific(	Verified/Owntracks.c	lp_verified_Verified_Owntracks_computeSignals
1	lean_float_of_nat(	Verified/Recovery.c	lp_verified_Verified_Recovery_latestAndBaseline
